// Jest Snapshot v1, https://goo.gl/fbAQLP

exports[`Design management toolbar component renders design and updated data 1`] = `
<header
  class="d-flex p-2 bg-white align-items-center js-design-header"
>
  <a
    aria-label="Go back to designs"
    class="mr-3 text-plain d-flex justify-content-center align-items-center"
    data-testid="close-design"
  >
    <icon-stub
      name="close"
      size="18"
    />
  </a>

  <div
    class="overflow-hidden d-flex align-items-center"
  >
    <h2
      class="m-0 str-truncated-100 gl-font-base"
    >
      test.jpg
    </h2>

    <small
      class="text-secondary"
    >
      Updated 1 hour ago by Test Name
    </small>
  </div>

  <div
    class="design-actions d-flex align-items-center"
  >
    <span
      class="gl-white-space-nowrap"
    >
      0 of 2
    </span>

    <gl-button-group-stub
      class="gl-ml-3 gl-mr-3"
    >
      <gl-button-stub
        title="Go to previous design"
        icon="angle-left"
        size="medium"
      />
      <gl-button-stub
        title="Go to next design"
        icon="angle-left"
        size="medium"
      />
    </gl-button-group-stub>
  </div>

  <gl-deprecated-button-stub
    class="mr-2"
    href="/-/designs/306/7f747adcd4693afadbe968d7ba7d983349b9012d"
    size="md"
    variant="secondary"
  >
    <icon-stub
      name="download"
      size="18"
    />
  </gl-deprecated-button-stub>

  <delete-button-stub
    buttonclass=""
    buttonsize="medium"
    buttonvariant="danger"
    hasselecteddesigns="true"
  >
    <icon-stub
      name="remove"
      size="18"
    />
  </delete-button-stub>
</header>
`;
