// Jest Snapshot v1, https://goo.gl/fbAQLP

exports[`ComplianceDashboard component when there are merge requests matches the snapshot 1`] = `
<div
  class="compliance-dashboard"
>
  <header
    class="gl-my-5"
  >
    <h4>
      Compliance Dashboard
    </h4>
     
    <p>
      Here you will find recent merge request activity
    </p>
  </header>
   
  <gl-tabs-stub
    theme="indigo"
  >
    <b-tab-stub
      tag="div"
      title=""
      titlelinkclass="gl-tab-nav-item"
    >
      <template>
         
        <div
          class="dashboard-grid"
        >
          <grid-column-heading-stub
            heading="Merge Request"
          />
           
          <grid-column-heading-stub
            class="gl-text-center"
            heading="Approval Status"
          />
           
          <grid-column-heading-stub
            class="gl-text-center"
            heading="Pipeline"
          />
           
          <grid-column-heading-stub
            class="gl-text-right"
            heading="Updates"
          />
           
          <div
            data-testid="merge-request"
          >
            Merge request 0
          </div>
           
          <div
            class="gl-display-flex gl-align-items-center gl-justify-content-center gl-border-b-solid gl-border-b-1 gl-border-b-gray-100 gl-p-5"
          >
            <!---->
          </div>
           
          <div
            class="dashboard-pipeline gl-display-flex gl-align-items-center gl-justify-content-center gl-border-b-solid gl-border-b-1 gl-border-b-gray-100 gl-p-5"
          >
            <!---->
          </div>
           
          <div
            class="gl-text-right gl-border-b-solid gl-border-b-1 gl-border-b-gray-100 gl-p-5 gl-relative"
          >
            <approvers-stub
              approvers=""
            />
             
            <span
              class="gl-text-gray-700"
            >
              <time>
                merged 2 days ago
              </time>
            </span>
          </div>
          <div
            data-testid="merge-request"
          >
            Merge request 1
          </div>
           
          <div
            class="gl-display-flex gl-align-items-center gl-justify-content-center gl-border-b-solid gl-border-b-1 gl-border-b-gray-100 gl-p-5"
          >
            <!---->
          </div>
           
          <div
            class="dashboard-pipeline gl-display-flex gl-align-items-center gl-justify-content-center gl-border-b-solid gl-border-b-1 gl-border-b-gray-100 gl-p-5"
          >
            <!---->
          </div>
           
          <div
            class="gl-text-right gl-border-b-solid gl-border-b-1 gl-border-b-gray-100 gl-p-5 gl-relative"
          >
            <approvers-stub
              approvers=""
            />
             
            <span
              class="gl-text-gray-700"
            >
              <time>
                merged 2 days ago
              </time>
            </span>
          </div>
        </div>
         
        <pagination-stub />
      </template>
      <template>
        <span>
          Merge Requests
        </span>
      </template>
    </b-tab-stub>
  </gl-tabs-stub>
</div>
`;

exports[`ComplianceDashboard component when there are no merge requests matches the snapshot 1`] = `
<empty-state-stub
  imagepath="empty.svg"
/>
`;
