// Jest Snapshot v1, https://goo.gl/fbAQLP

exports[`Dashboard template matches the default snapshot 1`] = `
<div
  class="prometheus-graphs"
  data-qa-selector="prometheus_graphs"
>
  <div
    class="prometheus-graphs-header d-sm-flex flex-sm-wrap pt-2 pr-1 pb-0 pl-2 border-bottom bg-gray-light"
  >
    <div
      class="mb-2 pr-2 d-flex d-sm-block"
    >
      <dashboards-dropdown-stub
        class="flex-grow-1"
        data-qa-selector="dashboards_filter_dropdown"
        defaultbranch="master"
        id="monitor-dashboards-dropdown"
        selecteddashboard="[object Object]"
      />
    </div>
     
    <div
      class="mb-2 pr-2 d-flex d-sm-block"
    >
      <gl-new-dropdown-stub
        category="tertiary"
        class="flex-grow-1"
        data-qa-selector="environments_dropdown"
        headertext="Environment"
        id="monitor-environments-dropdown"
        menu-class="monitor-environment-dropdown-menu"
        size="medium"
        text="production"
        variant="default"
      >
        <div
          class="d-flex flex-column overflow-hidden"
        >
          <gl-search-box-by-type-stub
            class="m-2"
            clearbuttontitle="Clear"
            value=""
          />
           
          <div
            class="flex-fill overflow-auto"
          />
           
          <div
            class="text-secondary no-matches-message"
          >
            
            No matching results
          
          </div>
        </div>
      </gl-new-dropdown-stub>
    </div>
     
    <div
      class="mb-2 pr-2 d-flex d-sm-block"
    >
      <date-time-picker-stub
        class="flex-grow-1 show-last-dropdown"
        customenabled="true"
        data-qa-selector="show_last_dropdown"
        options="[object Object],[object Object],[object Object],[object Object],[object Object],[object Object],[object Object]"
        usenewdropdown="true"
        value="[object Object]"
      />
    </div>
     
    <div
      class="mb-2 pr-2 d-flex d-sm-block"
    >
      <gl-button-stub
        category="tertiary"
        class="flex-grow-1"
        icon="retry"
        size="medium"
        title="Refresh dashboard"
        variant="default"
      />
    </div>
     
    <div
      class="flex-grow-1"
    />
     
    <div
      class="d-sm-flex"
    >
      <!---->
       
      <!---->
       
      <!---->
       
      <!---->
    </div>
  </div>
   
  <empty-state-stub
    clusterspath="/path/to/clusters"
    documentationpath="/path/to/docs"
    emptygettingstartedsvgpath="/path/to/getting-started.svg"
    emptyloadingsvgpath="/path/to/loading.svg"
    emptynodatasmallsvgpath="/path/to/no-data-small.svg"
    emptynodatasvgpath="/path/to/no-data.svg"
    emptyunabletoconnectsvgpath="/path/to/unable-to-connect.svg"
    selectedstate="gettingStarted"
    settingspath="/path/to/settings"
  />
</div>
`;
